// Jest Snapshot v1, https://goo.gl/fbAQLP

exports[`should render AddExpensePage component properly 1`] = `
<div>
  <h1>
    Add Expense
  </h1>
  <ExpenseForm
    onFormSubmit={[Function]}
  />
</div>
`;
