// Jest Snapshot v1, https://goo.gl/fbAQLP

exports[`should render 404 page 1`] = `<notFound />`;
