// Jest Snapshot v1, https://goo.gl/fbAQLP

exports[`should render Chiefs page 1`] = `
<div>
  <p>
    Chiefs page
  </p>
</div>
`;
