// Jest Snapshot v1, https://goo.gl/fbAQLP

exports[`should render Dishes page 1`] = `undefined`;
