// Jest Snapshot v1, https://goo.gl/fbAQLP

exports[`should render News page properly 1`] = `
<div>
  <h1>
    News
  </h1>
</div>
`;
